// Vitest Snapshot v1, https://vitest.dev/guide/snapshot.html

exports[`Navbar component > matches snapshot 1`] = `
<div>
  <div
    class="navbar"
  >
    <button
      class="nav-btn active"
    >
      Citizen
    </button>
    <button
      class="nav-btn "
    >
      Government Authority
    </button>
    <button
      class="nav-btn "
    >
      Maintenance Crew
    </button>
    <button
      class="nav-btn "
    >
      Administrator
    </button>
  </div>
</div>
`;
