// Vitest Snapshot v1, https://vitest.dev/guide/snapshot.html

exports[`RaiseComplaint Component - 100% Coverage > Edge Cases > snapshot test matches 1`] = `
<div>
  <div
    class="p-6"
  >
    <h1
      class="text-2xl font-bold"
    >
      Raise Complaint
    </h1>
    <p
      class="mt-4"
    >
      Form to raise a new complaint (placeholder).
    </p>
  </div>
</div>
`;

exports[`RaiseComplaint page > matches snapshot 1`] = `
<div>
  <div
    class="p-6"
  >
    <h1
      class="text-2xl font-bold"
    >
      Raise Complaint
    </h1>
    <p
      class="mt-4"
    >
      Form to raise a new complaint (placeholder).
    </p>
  </div>
</div>
`;
